2025-08-10 11:00:20 [error] UNHANDLED REJECTION: logger is not defined 
ReferenceError: logger is not defined
    at Server.<anonymous> (/Users/mac/Vyre-Africa-Backend/build/server.js:55:5)
    at Object.onceWrapper (node:events:634:28)
    at Server.emit (node:events:532:35)
    at emitListeningNT (node:net:1945:10)
    at process.processTicksAndRejections (node:internal/process/task_queues:89:21)
2025-12-01 03:25:52 [error] invalid json response body at https://api.zeptomail.eu/v1.1/email/template reason: Unexpected token '<', "<!DOCTYPE "... is not valid JSON 
FetchError: invalid json response body at https://api.zeptomail.eu/v1.1/email/template reason: Unexpected token '<', "<!DOCTYPE "... is not valid JSON
    at /Users/user/Vyre-Africa-Backend/node_modules/node-fetch/lib/index.js:273:32
    at process.processTicksAndRejections (node:internal/process/task_queues:105:5)
2025-12-01 19:57:07 [error] UNHANDLED REJECTION: Redis is already connecting/connected 
Error: Redis is already connecting/connected
    at /Users/user/Vyre-Africa-Backend/node_modules/ioredis/built/Redis.js:108:24
    at new Promise (<anonymous>)
    at EventEmitter.connect (/Users/user/Vyre-Africa-Backend/node_modules/ioredis/built/Redis.js:104:25)
    at Object.<anonymous> (/Users/user/Vyre-Africa-Backend/build/config/redis.config.js:43:12)
    at Module._compile (node:internal/modules/cjs/loader:1706:14)
    at Object..js (node:internal/modules/cjs/loader:1839:10)
    at Module.load (node:internal/modules/cjs/loader:1441:32)
    at Function._load (node:internal/modules/cjs/loader:1263:12)
    at TracingChannel.traceSync (node:diagnostics_channel:322:14)
    at wrapModuleLoad (node:internal/modules/cjs/loader:237:24)
2025-12-01 19:57:07 [error] UNHANDLED REJECTION: Redis is already connecting/connected 
Error: Redis is already connecting/connected
    at /Users/user/Vyre-Africa-Backend/node_modules/ioredis/built/Redis.js:108:24
    at new Promise (<anonymous>)
    at EventEmitter.connect (/Users/user/Vyre-Africa-Backend/node_modules/ioredis/built/Redis.js:104:25)
    at Object.<anonymous> (/Users/user/Vyre-Africa-Backend/build/config/redis.config.js:43:12)
    at Module._compile (node:internal/modules/cjs/loader:1706:14)
    at Object..js (node:internal/modules/cjs/loader:1839:10)
    at Module.load (node:internal/modules/cjs/loader:1441:32)
    at Function._load (node:internal/modules/cjs/loader:1263:12)
    at TracingChannel.traceSync (node:diagnostics_channel:322:14)
    at wrapModuleLoad (node:internal/modules/cjs/loader:237:24)
2025-12-01 19:57:07 [error] UNHANDLED REJECTION: Redis is already connecting/connected 
Error: Redis is already connecting/connected
    at /Users/user/Vyre-Africa-Backend/node_modules/ioredis/built/Redis.js:108:24
    at new Promise (<anonymous>)
    at EventEmitter.connect (/Users/user/Vyre-Africa-Backend/node_modules/ioredis/built/Redis.js:104:25)
    at Object.<anonymous> (/Users/user/Vyre-Africa-Backend/build/config/redis.config.js:43:12)
    at Module._compile (node:internal/modules/cjs/loader:1706:14)
    at Object..js (node:internal/modules/cjs/loader:1839:10)
    at Module.load (node:internal/modules/cjs/loader:1441:32)
    at Function._load (node:internal/modules/cjs/loader:1263:12)
    at TracingChannel.traceSync (node:diagnostics_channel:322:14)
    at wrapModuleLoad (node:internal/modules/cjs/loader:237:24)
2025-12-01 19:57:56 [error] UNHANDLED REJECTION: Redis is already connecting/connected 
Error: Redis is already connecting/connected
    at /Users/user/Vyre-Africa-Backend/node_modules/ioredis/built/Redis.js:108:24
    at new Promise (<anonymous>)
    at EventEmitter.connect (/Users/user/Vyre-Africa-Backend/node_modules/ioredis/built/Redis.js:104:25)
    at Object.<anonymous> (/Users/user/Vyre-Africa-Backend/build/config/redis.config.js:43:12)
    at Module._compile (node:internal/modules/cjs/loader:1706:14)
    at Object..js (node:internal/modules/cjs/loader:1839:10)
    at Module.load (node:internal/modules/cjs/loader:1441:32)
    at Function._load (node:internal/modules/cjs/loader:1263:12)
    at TracingChannel.traceSync (node:diagnostics_channel:322:14)
    at wrapModuleLoad (node:internal/modules/cjs/loader:237:24)
2025-12-01 19:58:08 [error] UNHANDLED REJECTION: Redis is already connecting/connected 
Error: Redis is already connecting/connected
    at /Users/user/Vyre-Africa-Backend/node_modules/ioredis/built/Redis.js:108:24
    at new Promise (<anonymous>)
    at EventEmitter.connect (/Users/user/Vyre-Africa-Backend/node_modules/ioredis/built/Redis.js:104:25)
    at Object.<anonymous> (/Users/user/Vyre-Africa-Backend/build/config/redis.config.js:43:12)
    at Module._compile (node:internal/modules/cjs/loader:1706:14)
    at Object..js (node:internal/modules/cjs/loader:1839:10)
    at Module.load (node:internal/modules/cjs/loader:1441:32)
    at Function._load (node:internal/modules/cjs/loader:1263:12)
    at TracingChannel.traceSync (node:diagnostics_channel:322:14)
    at wrapModuleLoad (node:internal/modules/cjs/loader:237:24)
2025-12-01 19:58:08 [error] UNHANDLED REJECTION: Redis is already connecting/connected 
Error: Redis is already connecting/connected
    at /Users/user/Vyre-Africa-Backend/node_modules/ioredis/built/Redis.js:108:24
    at new Promise (<anonymous>)
    at EventEmitter.connect (/Users/user/Vyre-Africa-Backend/node_modules/ioredis/built/Redis.js:104:25)
    at Object.<anonymous> (/Users/user/Vyre-Africa-Backend/build/config/redis.config.js:43:12)
    at Module._compile (node:internal/modules/cjs/loader:1706:14)
    at Object..js (node:internal/modules/cjs/loader:1839:10)
    at Module.load (node:internal/modules/cjs/loader:1441:32)
    at Function._load (node:internal/modules/cjs/loader:1263:12)
    at TracingChannel.traceSync (node:diagnostics_channel:322:14)
    at wrapModuleLoad (node:internal/modules/cjs/loader:237:24)
2025-12-01 19:58:08 [error] UNHANDLED REJECTION: Redis is already connecting/connected 
Error: Redis is already connecting/connected
    at /Users/user/Vyre-Africa-Backend/node_modules/ioredis/built/Redis.js:108:24
    at new Promise (<anonymous>)
    at EventEmitter.connect (/Users/user/Vyre-Africa-Backend/node_modules/ioredis/built/Redis.js:104:25)
    at Object.<anonymous> (/Users/user/Vyre-Africa-Backend/build/config/redis.config.js:43:12)
    at Module._compile (node:internal/modules/cjs/loader:1706:14)
    at Object..js (node:internal/modules/cjs/loader:1839:10)
    at Module.load (node:internal/modules/cjs/loader:1441:32)
    at Function._load (node:internal/modules/cjs/loader:1263:12)
    at TracingChannel.traceSync (node:diagnostics_channel:322:14)
    at wrapModuleLoad (node:internal/modules/cjs/loader:237:24)
2026-01-14 18:25:08 [error] Transfer failed: 
Error: Admin wallet not found
    at stableCoinService.executeTransfer (/Users/user/Vyre-Africa-Backend/build/services/stablecoin.service.js:197:27)
    at async WalletService.blockchain_Transfer (/Users/user/Vyre-Africa-Backend/build/services/wallet.service.js:474:30)
    at async eventService.process_Post_Action_Job (/Users/user/Vyre-Africa-Backend/build/services/event.service.js:868:34)
    at async bullmq_1.Worker.connection [as processFn] (/Users/user/Vyre-Africa-Backend/build/workers/general.worker.js:34:24)
    at async /Users/user/Vyre-Africa-Backend/node_modules/bullmq/dist/cjs/classes/worker.js:496:32
    at async Worker.retryIfFailed (/Users/user/Vyre-Africa-Backend/node_modules/bullmq/dist/cjs/classes/worker.js:774:24)
2026-01-14 18:25:08 [error] Post action failed for cmkeabpwk000533px8c99fd8y 
Error: Admin wallet not found
    at stableCoinService.executeTransfer (/Users/user/Vyre-Africa-Backend/build/services/stablecoin.service.js:197:27)
    at async WalletService.blockchain_Transfer (/Users/user/Vyre-Africa-Backend/build/services/wallet.service.js:474:30)
    at async eventService.process_Post_Action_Job (/Users/user/Vyre-Africa-Backend/build/services/event.service.js:868:34)
    at async bullmq_1.Worker.connection [as processFn] (/Users/user/Vyre-Africa-Backend/build/workers/general.worker.js:34:24)
    at async /Users/user/Vyre-Africa-Backend/node_modules/bullmq/dist/cjs/classes/worker.js:496:32
    at async Worker.retryIfFailed (/Users/user/Vyre-Africa-Backend/node_modules/bullmq/dist/cjs/classes/worker.js:774:24)
2026-07-04 02:42:55 [error] Script failed: 
2026-07-04 02:57:51 [error] Script failed: 
2026-07-19 14:45:13 [error] Failed to create USDC wallet on SOLANA 
2026-07-19 16:31:44 [error] Failed to create USDC wallet on SOLANA 
2026-08-02 04:26:13 [error] GCS upload failed 
2026-08-02 04:26:51 [error] GCS upload failed 
2026-08-02 04:29:41 [error] Failed to generate signed URL 
2026-08-02 04:40:01 [error] Failed to generate signed URL 
2026-08-02 04:42:17 [error] Failed to generate signed URL 
2026-08-02 04:47:05 [error] Failed to generate signed URL 
2026-08-02 04:50:27 [error] Failed to generate signed URL 
2026-08-02 09:05:44 [error] getaddrinfo ENOTFOUND api.nuvion.io 
2026-08-02 09:10:20 [error] Request failed with status code 401 
2026-08-02 09:17:09 [error] Request failed with status code 422 
2026-08-02 13:16:32 [error] Request failed with status code 422 
2026-08-02 13:24:16 [error]  
2026-08-02 13:30:04 [error] Request failed with status code 422 
2026-08-02 13:39:45 [error] Nuvion entity creation succeeded but no id found in response — check raw response above 
2026-08-03 02:04:48 [error] Request failed with status code 409 
2026-08-03 02:19:17 [error] Request failed with status code 400 
2026-08-03 02:26:52 [error] Request failed with status code 400 
2026-08-03 13:19:51 [error] Request failed with status code 404 
2026-08-03 13:19:51 [error] Request failed with status code 422 
2026-08-03 13:51:46 [error] Request failed with status code 404 
2026-08-03 13:51:46 [error] Request failed with status code 422 
2026-08-03 15:46:52 [error]  
2026-08-03 15:49:09 [error]  
2026-08-03 18:18:16 [error]  
2026-08-03 18:18:49 [error]  
2026-08-08 23:21:54 [error] [RampSync] Failed syncing USDC/BASE:  
2026-08-08 23:21:54 [error] [RampSync] Failed syncing USDC/SOLANA:  
2026-08-08 23:21:55 [error] [RampSync] Failed syncing USDC/POLYGON:  
2026-08-08 23:21:55 [error] [RampSync] Failed syncing USDC/ETHEREUM:  
2026-08-08 23:21:56 [error] [RampSync] Failed syncing USDT/SOLANA:  
2026-08-08 23:21:56 [error] [RampSync] Failed syncing USDT/POLYGON:  
2026-08-08 23:21:57 [error] [RampSync] Failed syncing USDT/TRON:  
2026-08-08 23:21:57 [error] [RampSync] Failed syncing USDT/ETHEREUM:  
2026-08-08 23:22:00 [error] Script failed: 
2026-08-08 23:22:00 [error] Error: All 8 pairs failed to sync: Failed syncing USDC/BASE: ; Failed syncing USDC/SOLANA: ; Failed syncing USDC/POLYGON: ; Failed syncing USDC/ETHEREUM: ; Failed syncing USDT/SOLANA: ; Failed syncing USDT/POLYGON: ; Failed syncing USDT/TRON: ; Failed syncing USDT/ETHEREUM: 
    at syncRampOrders (/Users/user/Vyre-Africa-Backend/src/services/rampOrderSync.service.ts:177:15)
    at processTicksAndRejections (node:internal/process/task_queues:105:5)
    at async main (/Users/user/Vyre-Africa-Backend/src/scripts/sync-ramp-orders.ts:21:20) 
2026-08-08 23:35:30 [error] [RampSync] Failed syncing USDC/SOLANA:  
2026-08-08 23:35:31 [error] [RampSync] Failed syncing USDC/POLYGON:  
2026-08-08 23:35:31 [error] [RampSync] Failed syncing USDC/ETHEREUM:  
2026-08-08 23:35:32 [error] [RampSync] Failed syncing USDT/SOLANA:  
2026-08-08 23:35:32 [error] [RampSync] Failed syncing USDT/POLYGON:  
2026-08-08 23:35:33 [error] [RampSync] Failed syncing USDT/TRON:  
2026-08-08 23:35:33 [error] [RampSync] Failed syncing USDT/ETHEREUM:  
2026-08-08 23:35:35 [error]   Errors:  7 
2026-08-08 23:35:35 [error]     - Failed syncing USDC/SOLANA:  
2026-08-08 23:35:35 [error]     - Failed syncing USDC/POLYGON:  
2026-08-08 23:35:35 [error]     - Failed syncing USDC/ETHEREUM:  
2026-08-08 23:35:35 [error]     - Failed syncing USDT/SOLANA:  
2026-08-08 23:35:35 [error]     - Failed syncing USDT/POLYGON:  
2026-08-08 23:35:35 [error]     - Failed syncing USDT/TRON:  
2026-08-08 23:35:35 [error]     - Failed syncing USDT/ETHEREUM:  
2026-08-08 23:40:55 [error] [RampSync] Failed syncing USDC/BASE:  
2026-08-08 23:40:56 [error] [RampSync] Failed syncing USDC/SOLANA:  
2026-08-08 23:40:57 [error] [RampSync] Failed syncing USDC/POLYGON:  
2026-08-08 23:40:59 [error] [RampSync] Failed syncing USDC/ETHEREUM:  
2026-08-08 23:41:00 [error] [RampSync] Failed syncing USDT/SOLANA:  
2026-08-08 23:41:01 [error] [RampSync] Failed syncing USDT/POLYGON:  
2026-08-08 23:41:02 [error] [RampSync] Failed syncing USDT/TRON:  
2026-08-08 23:41:04 [error] [RampSync] Failed syncing USDT/ETHEREUM:  
2026-08-08 23:41:14 [error] Script failed: 
2026-08-08 23:41:14 [error] Error: All 8 pairs failed to sync: Failed syncing USDC/BASE: ; Failed syncing USDC/SOLANA: ; Failed syncing USDC/POLYGON: ; Failed syncing USDC/ETHEREUM: ; Failed syncing USDT/SOLANA: ; Failed syncing USDT/POLYGON: ; Failed syncing USDT/TRON: ; Failed syncing USDT/ETHEREUM: 
    at syncRampOrders (/Users/user/Vyre-Africa-Backend/src/services/rampOrderSync.service.ts:181:15)
    at processTicksAndRejections (node:internal/process/task_queues:105:5)
    at async main (/Users/user/Vyre-Africa-Backend/src/scripts/sync-ramp-orders.ts:21:20) 
2026-08-08 23:42:43 [error] [RampSync] Failed syncing USDC/BASE:  
2026-08-08 23:42:45 [error] [RampSync] Failed syncing USDC/SOLANA:  
2026-08-08 23:42:46 [error] [RampSync] Failed syncing USDC/POLYGON:  
2026-08-08 23:42:47 [error] [RampSync] Failed syncing USDC/ETHEREUM:  
2026-08-08 23:42:48 [error] [RampSync] Failed syncing USDT/SOLANA:  
2026-08-08 23:42:50 [error] [RampSync] Failed syncing USDT/POLYGON:  
2026-08-08 23:42:51 [error] [RampSync] Failed syncing USDT/TRON:  
2026-08-08 23:42:52 [error] [RampSync] Failed syncing USDT/ETHEREUM:  
2026-08-08 23:43:00 [error] Script failed: 
2026-08-08 23:43:00 [error] Error: All 8 pairs failed to sync: Failed syncing USDC/BASE: ; Failed syncing USDC/SOLANA: ; Failed syncing USDC/POLYGON: ; Failed syncing USDC/ETHEREUM: ; Failed syncing USDT/SOLANA: ; Failed syncing USDT/POLYGON: ; Failed syncing USDT/TRON: ; Failed syncing USDT/ETHEREUM: 
    at syncRampOrders (/Users/user/Vyre-Africa-Backend/src/services/rampOrderSync.service.ts:181:15)
    at processTicksAndRejections (node:internal/process/task_queues:105:5)
    at async main (/Users/user/Vyre-Africa-Backend/src/scripts/sync-ramp-orders.ts:21:20) 
2026-08-09 02:02:55 [error] [RampSync] Failed syncing USDC/BASE:  
2026-08-09 02:45:11 [error] [RampSync] Failed syncing USDT/SOLANA:  
